MO divider NULL divider.v vlg4B/divider.bin 1656425633
MO gdout NULL source/GDOUT.v vlg5F/gdout.bin 1668339602
MO MZGVRAM NULL source/MZGVRAM.v vlg40/_m_z_g_v_r_a_m.bin 1668339602
MO mkcnt NULL source/MKCNT.v vlg21/mkcnt.bin 1668339602
MO gdlatch NULL source/GDLATCH.v vlg07/gdlatch.bin 1668339602
MO mksync NULL source/MKSYNC.v vlg4D/mksync.bin 1653356305
MO gdlatchad NULL source/GDLATCHAD.v vlg78/gdlatchad.bin 1668339602
